Nothing to build in platform 'projectuart'

17:40:34 **** Incremental Build of configuration Debug for project Uartproject ****
make all 
'Building file: ../src/helloworld.c'
'Invoking: MicroBlaze gcc compiler'
mb-gcc -Wall -O0 -g3 -c -fmessage-length=0 -MT"src/helloworld.o" -IC:/Users/nniro/OneDrive/Desktop/Neaz/neaz.vitis/projectuart/export/projectuart/sw/projectuart/standalone_domain/bspinclude/include -mlittle-endian -mcpu=v11.0 -mxl-soft-mul -Wl,--no-relax -ffunction-sections -fdata-sections -MMD -MP -MF"src/helloworld.d" -MT"src/helloworld.o" -o "src/helloworld.o" "../src/helloworld.c"
'Finished building: ../src/helloworld.c'
' '
'Building target: Uartproject.elf'
'Invoking: MicroBlaze gcc linker'
mb-gcc -Wl,-T -Wl,../src/lscript.ld -LC:/Users/nniro/OneDrive/Desktop/Neaz/neaz.vitis/projectuart/export/projectuart/sw/projectuart/standalone_domain/bsplib/lib -mlittle-endian -mcpu=v11.0 -mxl-soft-mul -Wl,--no-relax -Wl,--gc-sections -o "Uartproject.elf"  ./src/helloworld.o ./src/platform.o   -Wl,--start-group,-lxil,-lgcc,-lc,--end-group
'Finished building target: Uartproject.elf'
' '
'Invoking: MicroBlaze Print Size'
mb-size Uartproject.elf  |tee "Uartproject.elf.size"
   text	   data	    bss	    dec	    hex	filename
  12504	    344	   4352	  17200	   4330	Uartproject.elf
'Finished building: Uartproject.elf.size'
' '
