14:09:13 **** Incremental Build of configuration Debug for project helloworldcheck ****
make all 
'Building file: ../src/helloworld.c'
'Invoking: MicroBlaze gcc compiler'
mb-gcc -Wall -O0 -g3 -c -fmessage-length=0 -MT"src/helloworld.o" -IC:/Users/nniro/OneDrive/Desktop/Neaz/neaz.vitis/projectuart/export/projectuart/sw/projectuart/standalone_domain/bspinclude/include -mlittle-endian -mcpu=v11.0 -mxl-soft-mul -Wl,--no-relax -ffunction-sections -fdata-sections -MMD -MP -MF"src/helloworld.d" -MT"src/helloworld.o" -o "src/helloworld.o" "../src/helloworld.c"
'Finished building: ../src/helloworld.c'
' '
'Building target: helloworldcheck.elf'
'Invoking: MicroBlaze gcc linker'
mb-gcc -Wl,-T -Wl,../src/lscript.ld -LC:/Users/nniro/OneDrive/Desktop/Neaz/neaz.vitis/projectuart/export/projectuart/sw/projectuart/standalone_domain/bsplib/lib -mlittle-endian -mcpu=v11.0 -mxl-soft-mul -Wl,--no-relax -Wl,--gc-sections -o "helloworldcheck.elf"  ./src/helloworld.o ./src/platform.o   -Wl,--start-group,-lxil,-lgcc,-lc,--end-group
'Finished building target: helloworldcheck.elf'
' '
'Invoking: MicroBlaze Print Size'
mb-size helloworldcheck.elf  |tee "helloworldcheck.elf.size"
   text	   data	    bss	    dec	    hex	filename
   2908	    316	   3112	   6336	   18c0	helloworldcheck.elf
'Finished building: helloworldcheck.elf.size'
' '

14:09:14 Build Finished (took 911ms)

